Accel.c:81:6:ACCEL_INIT	16	static
Accel.c:88:6:ACCEL_GOOD_SETTINGS	8	static
Accel.c:96:9:ACCEL_SELF_TEST	88	static
Accel.c:134:6:ACCEL_RELOAD_SETTINGS	16	static
Accel.c:148:9:ACCEL_READ_ID	16	static
Accel.c:158:9:ACCEL_READ_ACCELERATION	72	static
Accel.c:167:7:ACCEL_READ_TEMPERATURE	16	static
Accel.c:179:10:ACCEL_READ_SENSORTIME	32	static
Accel.c:193:12:ACCEL_READ_ERROR	16	static
Accel.c:206:9:ACCEL_READ_PWR_MODE	16	static
Accel.c:215:9:ACCEL_READ_ACCEL_ENABLED	16	static
Accel.c:225:6:ACCEL_SET_CONFIG	24	static
Accel.c:233:6:ACCEL_SET_RANGE	16	static
Accel.c:240:6:ACCEL_WRITE_PWR_ACTIVATE	8	static
Accel.c:245:6:ACCEL_WRITE_PWR_SUSPEND	8	static
Accel.c:250:6:ACCEL_WRITE_ACCEL_ENABLE	8	static
Accel.c:255:6:ACCEL_WRITE_ACCEL_DISABLE	8	static
Accel.c:263:10:ACCEL_READ_FIFO_LEN	16	static
Accel.c:281:17:ACCEL_READ_FIFO	1088	static
Accel.c:344:6:ACCEL_WRITE_FIFO_ENABLED	16	static
Accel.c:350:6:ACCEL_WRITE_FIFO_MODE	16	static
Accel.c:356:6:ACCEL_WRITE_FIFO_DOWNSAMP	16	static
Accel.c:363:13:select	8	static
Accel.c:367:13:unselect	8	static
Accel.c:371:13:readAddr	24	static
Accel.c:381:13:writeAddr	24	static
Accel.c:386:16:parseRawUInts	112	static
Accel.c:402:13:setRangeMem	16	static
