Accel.c:81:6:ACCEL_INIT	16	static
Accel.c:88:6:ACCEL_GOOD_SETTINGS	8	static
Accel.c:96:9:ACCEL_SELF_TEST	88	static
Accel.c:134:6:ACCEL_RELOAD_SETTINGS	16	static
Accel.c:148:9:ACCEL_READ_ID	16	static
Accel.c:158:9:ACCEL_READ_ACCELERATION	72	static
Accel.c:168:6:CUSTOM_ACCELERATION	16	static
Accel.c:176:7:ACCEL_READ_TEMPERATURE	16	static
Accel.c:188:10:ACCEL_READ_SENSORTIME	32	static
Accel.c:202:12:ACCEL_READ_ERROR	16	static
Accel.c:215:9:ACCEL_READ_PWR_MODE	16	static
Accel.c:224:9:ACCEL_READ_ACCEL_ENABLED	16	static
Accel.c:234:6:ACCEL_SET_CONFIG	24	static
Accel.c:242:6:ACCEL_SET_RANGE	16	static
Accel.c:249:6:ACCEL_WRITE_PWR_ACTIVATE	8	static
Accel.c:254:6:ACCEL_WRITE_PWR_SUSPEND	8	static
Accel.c:259:6:ACCEL_WRITE_ACCEL_ENABLE	8	static
Accel.c:264:6:ACCEL_WRITE_ACCEL_DISABLE	8	static
Accel.c:272:10:ACCEL_READ_FIFO_LEN	16	static
Accel.c:290:17:ACCEL_READ_FIFO	1088	static
Accel.c:353:6:ACCEL_WRITE_FIFO_ENABLED	16	static
Accel.c:359:6:ACCEL_WRITE_FIFO_MODE	16	static
Accel.c:365:6:ACCEL_WRITE_FIFO_DOWNSAMP	16	static
Accel.c:372:13:select	8	static
Accel.c:376:13:unselect	8	static
Accel.c:380:13:readAddr	24	static
Accel.c:390:13:writeAddr	24	static
Accel.c:395:16:parseRawUInts	112	static
Accel.c:411:13:setRangeMem	16	static
